[INFO] [launch]: All log files can be found below /home/aosm/.ros/log/2026-07-02-17-56-30-309841-aosm-IdeaPad-Gaming-3-15ACH6-14794
[INFO] [launch]: Default logging verbosity is set to INFO
[INFO] [rosbridge_websocket-1]: process started with pid [14801]
[INFO] [rosapi_node-2]: process started with pid [14803]
[rosbridge_websocket-1] [WARN] [1783004190.943967404] [rosbridge_websocket]: Unable to start server: [Errno 98] Address already in use Retrying in 5.0s.
[rosbridge_websocket-1] [WARN] [1783004195.947329205] [rosbridge_websocket]: Unable to start server: [Errno 98] Address already in use Retrying in 5.0s.
[rosbridge_websocket-1] [WARN] [1783004200.951260941] [rosbridge_websocket]: Unable to start server: [Errno 98] Address already in use Retrying in 5.0s.
[rosbridge_websocket-1] [WARN] [1783004205.955251269] [rosbridge_websocket]: Unable to start server: [Errno 98] Address already in use Retrying in 5.0s.
[rosbridge_websocket-1] [WARN] [1783004210.959124438] [rosbridge_websocket]: Unable to start server: [Errno 98] Address already in use Retrying in 5.0s.
[rosbridge_websocket-1] [WARN] [1783004215.964112008] [rosbridge_websocket]: Unable to start server: [Errno 98] Address already in use Retrying in 5.0s.
[rosbridge_websocket-1] [WARN] [1783004220.968114770] [rosbridge_websocket]: Unable to start server: [Errno 98] Address already in use Retrying in 5.0s.
[rosbridge_websocket-1] [WARN] [1783004225.972583495] [rosbridge_websocket]: Unable to start server: [Errno 98] Address already in use Retrying in 5.0s.
[rosbridge_websocket-1] [WARN] [1783004230.975823753] [rosbridge_websocket]: Unable to start server: [Errno 98] Address already in use Retrying in 5.0s.
[rosbridge_websocket-1] [WARN] [1783004235.980649767] [rosbridge_websocket]: Unable to start server: [Errno 98] Address already in use Retrying in 5.0s.
[rosbridge_websocket-1] [WARN] [1783004240.986266974] [rosbridge_websocket]: Unable to start server: [Errno 98] Address already in use Retrying in 5.0s.
[rosbridge_websocket-1] [WARN] [1783004245.991741337] [rosbridge_websocket]: Unable to start server: [Errno 98] Address already in use Retrying in 5.0s.
[rosbridge_websocket-1] [WARN] [1783004250.995792679] [rosbridge_websocket]: Unable to start server: [Errno 98] Address already in use Retrying in 5.0s.
[rosbridge_websocket-1] [WARN] [1783004256.001668617] [rosbridge_websocket]: Unable to start server: [Errno 98] Address already in use Retrying in 5.0s.
[rosbridge_websocket-1] [WARN] [1783004261.007741232] [rosbridge_websocket]: Unable to start server: [Errno 98] Address already in use Retrying in 5.0s.
[rosbridge_websocket-1] [WARN] [1783004266.011387109] [rosbridge_websocket]: Unable to start server: [Errno 98] Address already in use Retrying in 5.0s.
[rosbridge_websocket-1] [WARN] [1783004271.017049356] [rosbridge_websocket]: Unable to start server: [Errno 98] Address already in use Retrying in 5.0s.
[rosbridge_websocket-1] [WARN] [1783004276.023611354] [rosbridge_websocket]: Unable to start server: [Errno 98] Address already in use Retrying in 5.0s.
