[INFO] [launch]: All log files can be found below /home/aosm/.ros/log/2026-07-02-18-25-22-735908-aosm-IdeaPad-Gaming-3-15ACH6-18709
[INFO] [launch]: Default logging verbosity is set to INFO
[INFO] [robot_state_publisher-1]: process started with pid [18712]
[INFO] [gzserver-2]: process started with pid [18714]
[INFO] [gzclient   -3]: process started with pid [18716]
[INFO] [spawn_entity.py-4]: process started with pid [18719]
[robot_state_publisher-1] Parsing robot urdf xml string.
[robot_state_publisher-1] Link chassis had 4 children
[robot_state_publisher-1] Link camera_link had 1 children
[robot_state_publisher-1] Link camera_link_optical had 0 children
[robot_state_publisher-1] Link caster_wheel had 0 children
[robot_state_publisher-1] Link left_wheel had 0 children
[robot_state_publisher-1] Link right_wheel had 0 children
[robot_state_publisher-1] [INFO] [1783005923.157664783] [robot_state_publisher]: got segment base_footprint
[robot_state_publisher-1] [INFO] [1783005923.157759173] [robot_state_publisher]: got segment camera_link
[robot_state_publisher-1] [INFO] [1783005923.157772208] [robot_state_publisher]: got segment camera_link_optical
[robot_state_publisher-1] [INFO] [1783005923.157780954] [robot_state_publisher]: got segment caster_wheel
[robot_state_publisher-1] [INFO] [1783005923.157789210] [robot_state_publisher]: got segment chassis
[robot_state_publisher-1] [INFO] [1783005923.157796985] [robot_state_publisher]: got segment left_wheel
[robot_state_publisher-1] [INFO] [1783005923.157804770] [robot_state_publisher]: got segment right_wheel
[spawn_entity.py-4] [INFO] [1783005924.153002370] [spawn_entity]: Spawn Entity started
[spawn_entity.py-4] [INFO] [1783005924.153316969] [spawn_entity]: Loading entity XML from file /home/aosm/Mono Camera Depth Autonomuos Car/install/autonomous_car/share/autonomous_car/urdf/car.urdf
[spawn_entity.py-4] [INFO] [1783005924.154648774] [spawn_entity]: Waiting for service /spawn_entity, timeout = 30
[spawn_entity.py-4] [INFO] [1783005924.154938235] [spawn_entity]: Waiting for service /spawn_entity
[spawn_entity.py-4] [INFO] [1783005925.160615730] [spawn_entity]: Calling service /spawn_entity
[spawn_entity.py-4] [INFO] [1783005925.387952344] [spawn_entity]: Spawn status: SpawnEntity: Successfully spawned entity [autonomous_car]
[INFO] [spawn_entity.py-4]: process has finished cleanly [pid 18719]
[gzserver-2] [INFO] [1783005926.945801872] [camera_controller]: Publishing camera info to [/camera/camera_info]
[gzserver-2] [INFO] [1783005926.946805102] [camera_controller]: Publishing depth camera info to [/camera/depth/camera_info]
[gzserver-2] [INFO] [1783005926.947345280] [camera_controller]: Publishing pointcloud to [/camera/points]
[gzserver-2] [INFO] [1783005927.009939796] [gazebo_ros_diff_drive]: Wheel pair 1 separation set to [0.350000m]
[gzserver-2] [INFO] [1783005927.009988228] [gazebo_ros_diff_drive]: Wheel pair 1 diameter set to [0.140000m]
[gzserver-2] [INFO] [1783005927.011371191] [gazebo_ros_diff_drive]: Subscribed to [/cmd_vel]
[gzserver-2] [INFO] [1783005927.012568240] [gazebo_ros_diff_drive]: Advertise odometry on [/odom]
[gzserver-2] [INFO] [1783005927.013687761] [gazebo_ros_diff_drive]: Publishing odom transforms between [odom] and [base_footprint]
[gzserver-2] [INFO] [1783005927.013724270] [gazebo_ros_diff_drive]: Publishing wheel transforms between [base_footprint], [left_wheel_joint] and [right_wheel_joint]
[robot_state_publisher-1] [INFO] [1783006051.297488152] [rclcpp]: signal_handler(signal_value=2)
[INFO] [robot_state_publisher-1]: process has finished cleanly [pid 18712]
[INFO] [gzserver-2]: process has finished cleanly [pid 18714]
[gzclient   -3] Segmentation fault (core dumped)
[ERROR] [gzclient   -3]: process has died [pid 18716, exit code 139, cmd 'gzclient   '].
